CREATE TABLE IF NOT EXISTS users (
            id INTEGER PRIMARY KEY AUTOINCREMENT,
            name TEXT NOT NULL,
            email TEXT UNIQUE NOT NULL,
            password TEXT NOT NULL,
            role TEXT CHECK(role IN ('patient', 'doctor', 'admin')) NOT NULL,
            created_at DATETIME DEFAULT CURRENT_TIMESTAMP
        );
CREATE TABLE IF NOT EXISTS appointments (
            id INTEGER PRIMARY KEY AUTOINCREMENT,
            patient_id INTEGER,
            doctor_id INTEGER,
            date TEXT NOT NULL,
            time TEXT NOT NULL,
            status TEXT CHECK(status IN ('scheduled', 'completed', 'cancelled')) DEFAULT 'scheduled',
            reason TEXT,
            FOREIGN KEY(patient_id) REFERENCES users(id),
            FOREIGN KEY(doctor_id) REFERENCES users(id)
        );
CREATE TABLE IF NOT EXISTS medical_records (
            id INTEGER PRIMARY KEY AUTOINCREMENT,
            patient_id INTEGER,
            doctor_id INTEGER,
            diagnosis TEXT,
            prescription TEXT,
            notes TEXT,
            date DATETIME DEFAULT CURRENT_TIMESTAMP,
            FOREIGN KEY(patient_id) REFERENCES users(id),
            FOREIGN KEY(doctor_id) REFERENCES users(id)
        );
CREATE TABLE IF NOT EXISTS billing (
            id INTEGER PRIMARY KEY AUTOINCREMENT,
            patient_id INTEGER,
            amount DECIMAL(10,2) NOT NULL,
            description TEXT,
            status TEXT CHECK(status IN ('pending', 'paid')) DEFAULT 'pending',
            date DATETIME DEFAULT CURRENT_TIMESTAMP,
            FOREIGN KEY(patient_id) REFERENCES users(id)
        );
SELECT COUNT(*) as count FROM users
Database initialized successfully.
Server is running on http://0.0.0.0:3000.
